[dotenv@17.2.2] injecting env (5) from .env -- tip: ΓÜÖ∩╕Å  override existing env vars with { override: true }
--- STARTING AUTH FLOW TESTS ---
Connecting to MongoDB...
MongoDB connected.

Testing Registration for testuser_1773695021467@alliance.edu.in...
Registration Response: User registered successfully

Fetching user from DB to get verification token...
Email Verified status: false
Verification Token: undefined

Testing Email Verification...
--- TESTS FINISHED ---
